????
Device selected successfully.
????
Member was successfully created with handle 0.
????
Entry was successfully added with handle 0.
????
Member was successfully created with handle 1.
????
Entry with handle 0 was successfully modified.
????
Default entry was successfully set.
????
